src/controllers/task.controller.ts(61,13): error TS2322: Type 'string | string[]' is not assignable to type 'string | StringFilter<"Task"> | undefined'.
  Type 'string[]' is not assignable to type 'string | StringFilter<"Task"> | undefined'.
src/controllers/task.controller.ts(93,55): error TS2322: Type 'string | string[]' is not assignable to type 'string | StringFilter<"Task"> | undefined'.
  Type 'string[]' is not assignable to type 'string | StringFilter<"Task"> | undefined'.
src/controllers/task.controller.ts(97,13): error TS2322: Type 'string | string[]' is not assignable to type 'string | undefined'.
  Type 'string[]' is not assignable to type 'string'.
src/controllers/task.controller.ts(112,55): error TS2322: Type 'string | string[]' is not assignable to type 'string | StringFilter<"Task"> | undefined'.
  Type 'string[]' is not assignable to type 'string | StringFilter<"Task"> | undefined'.
src/controllers/task.controller.ts(117,13): error TS2322: Type 'string | string[]' is not assignable to type 'string | undefined'.
  Type 'string[]' is not assignable to type 'string'.
src/controllers/task.controller.ts(132,55): error TS2322: Type 'string | string[]' is not assignable to type 'string | StringFilter<"Task"> | undefined'.
  Type 'string[]' is not assignable to type 'string | StringFilter<"Task"> | undefined'.
src/controllers/task.controller.ts(135,39): error TS2322: Type 'string | string[]' is not assignable to type 'string | undefined'.
  Type 'string[]' is not assignable to type 'string'.
